../Core/Src/main.c:92:6:HAL_UART_RxCpltCallback	16	static
../Core/Src/main.c:117:6:HAL_TIM_PeriodElapsedCallback	16	static
../Core/Src/main.c:135:6:quadEncoder_PosCalcL	24	static
../Core/Src/main.c:165:9:quadEncoder_GetSpeedL	8	static
../Core/Src/main.c:197:5:main	8032	static
../Core/Src/main.c:300:6:SystemClock_Config	88	static
../Core/Src/main.c:342:13:MX_ADC1_Init	24	static
../Core/Src/main.c:403:13:MX_TIM2_Init	56	static
../Core/Src/main.c:455:13:MX_TIM4_Init	64	static
../Core/Src/main.c:514:13:MX_USART2_UART_Init	8	static
../Core/Src/main.c:545:13:MX_DMA_Init	16	static
../Core/Src/main.c:563:13:MX_GPIO_Init	40	static
../Core/Src/main.c:599:6:HAL_ADC_ConvCpltCallback	16	static
../Core/Src/main.c:609:6:Error_Handler	4	static,ignoring_inline_asm
